phyHandling.h:109:26:xPhyGetMask	16	static
NetworkInterface.c:288:6:HAL_ETH_RxCpltCallback	24	static,ignoring_inline_asm
NetworkInterface.c:303:7:HAL_ETH_TxCpltCallback	24	static,ignoring_inline_asm
NetworkInterface.c:321:14:vClearTXBuffers	24	static
NetworkInterface.c:365:12:xNetworkInterfaceInitialise	32	static,ignoring_inline_asm
NetworkInterface.c:463:13:prvDMATxDescListInit	16	static
NetworkInterface.c:508:13:prvDMARxDescListInit	16	static
NetworkInterface.c:568:13:prvMACAddressConfig	32	static
NetworkInterface.c:586:12:xNetworkInterfaceOutput	40	static,ignoring_inline_asm
NetworkInterface.c:711:19:xMayAcceptPacket	24	static
NetworkInterface.c:787:19:prvNetworkInterfaceInput	48	static,ignoring_inline_asm
NetworkInterface.c:927:12:xSTM32_PhyRead	32	static
NetworkInterface.c:949:12:xSTM32_PhyWrite	32	static
NetworkInterface.c:971:6:vMACBProbePhy	8	static
NetworkInterface.c:979:13:prvEthernetUpdateConfig	16	static
NetworkInterface.c:1058:12:xGetPhyLinkStatus	16	static
NetworkInterface.c:1079:6:vNetworkInterfaceAllocateRAMToBuffers	24	static
NetworkInterface.c:1094:13:prvEMACHandlerTask	32	static
NetworkInterface.c:1187:6:ETH_IRQHandler	8	static
