stm32f4xx_hal_ethOLD.c:184:19:HAL_ETH_Init	32	static
stm32f4xx_hal_ethOLD.c:284:19:HAL_ETH_DeInit	16	static
stm32f4xx_hal_ethOLD.c:311:19:HAL_ETH_DMATxDescListInit	32	static
stm32f4xx_hal_ethOLD.c:388:19:HAL_ETH_DMARxDescListInit	32	static
stm32f4xx_hal_ethOLD.c:463:13:HAL_ETH_MspInit	16	static
stm32f4xx_hal_ethOLD.c:476:13:HAL_ETH_MspDeInit	16	static
stm32f4xx_hal_ethOLD.c:517:19:HAL_ETH_TransmitFrame	40	static,ignoring_inline_asm
stm32f4xx_hal_ethOLD.c:626:19:HAL_ETH_GetReceivedFrame_IT	16	static
stm32f4xx_hal_ethOLD.c:631:19:HAL_ETH_GetReceivedFrame	32	static
stm32f4xx_hal_ethOLD.c:740:6:HAL_ETH_IRQHandler	24	static
stm32f4xx_hal_ethOLD.c:795:13:HAL_ETH_TxCpltCallback	16	static
stm32f4xx_hal_ethOLD.c:808:13:HAL_ETH_RxCpltCallback	16	static
stm32f4xx_hal_ethOLD.c:821:13:HAL_ETH_ErrorCallback	16	static
stm32f4xx_hal_ethOLD.c:840:19:HAL_ETH_ReadPHYRegister	40	static
stm32f4xx_hal_ethOLD.c:926:19:HAL_ETH_WritePHYRegister	40	static
stm32f4xx_hal_ethOLD.c:1031:19:HAL_ETH_Start	16	static
stm32f4xx_hal_ethOLD.c:1070:19:HAL_ETH_Stop	16	static
stm32f4xx_hal_ethOLD.c:1103:13:prvWriteMACFCR	16	static
stm32f4xx_hal_ethOLD.c:1118:13:prvWriteDMAOMR	16	static
stm32f4xx_hal_ethOLD.c:1133:13:prvWriteMACCR	16	static
stm32f4xx_hal_ethOLD.c:1155:19:HAL_ETH_ConfigMAC	24	static
stm32f4xx_hal_ethOLD.c:1307:19:HAL_ETH_ConfigDMA	24	static
stm32f4xx_hal_ethOLD.c:1409:22:HAL_ETH_GetState	16	static
stm32f4xx_hal_ethOLD.c:1434:13:ETH_MACDMAConfig	200	static
stm32f4xx_hal_ethOLD.c:1679:13:ETH_MACAddressConfig	32	static
stm32f4xx_hal_ethOLD.c:1703:13:ETH_MACTransmissionEnable	24	static
stm32f4xx_hal_ethOLD.c:1716:13:ETH_MACTransmissionDisable	24	static
stm32f4xx_hal_ethOLD.c:1729:13:ETH_MACReceptionEnable	24	static
stm32f4xx_hal_ethOLD.c:1742:13:ETH_MACReceptionDisable	24	static
stm32f4xx_hal_ethOLD.c:1755:13:ETH_DMATransmissionEnable	24	static
stm32f4xx_hal_ethOLD.c:1769:13:ETH_DMATransmissionDisable	24	static
stm32f4xx_hal_ethOLD.c:1783:13:ETH_DMAReceptionEnable	24	static
stm32f4xx_hal_ethOLD.c:1797:13:ETH_DMAReceptionDisable	24	static
stm32f4xx_hal_ethOLD.c:1811:13:ETH_FlushTransmitFIFO	24	static
