stm32f4xx_ll_i2c.h:372:22:LL_I2C_Enable	16	static
F_LCD.c:27:6:F_LCD_Init	8	static
F_LCD.c:38:6:F_LCD_begin	8	static
F_LCD.c:97:6:F_LCD_clear	8	static
F_LCD.c:101:6:F_LCD_home	8	static
F_LCD.c:105:6:F_LCD_setCursor	40	static
F_LCD.c:113:6:F_LCD_noDisplay	8	static
F_LCD.c:117:6:F_LCD_display	8	static
F_LCD.c:122:6:F_LCD_noCursor	8	static
F_LCD.c:126:6:F_LCD_cursor	8	static
F_LCD.c:131:6:F_LCD_noBlink	8	static
F_LCD.c:135:6:F_LCD_blink	8	static
F_LCD.c:140:6:F_LCD_scrollDisplayLeft	8	static
F_LCD.c:143:6:F_LCD_scrollDisplayRight	8	static
F_LCD.c:147:6:F_LCD_leftToRight	8	static
F_LCD.c:152:6:F_LCD_rightToLeft	8	static
F_LCD.c:157:6:F_LCD_autoscroll	8	static
F_LCD.c:162:6:F_LCD_noAutoscroll	8	static
F_LCD.c:168:6:F_LCD_createChar	24	static
F_LCD.c:176:6:F_LCD_noBacklight	8	static
F_LCD.c:180:6:F_LCD_backlight	8	static
F_LCD.c:184:9:F_LCD_getBacklight	4	static
F_LCD.c:190:6:F_LCD_command	16	static
F_LCD.c:193:6:F_LCD_write	16	static
F_LCD.c:196:6:F_LCD_printstr	24	static
F_LCD.c:237:6:D_LCD_send	24	static
F_LCD.c:244:6:D_LCD_write4bits	16	static
F_LCD.c:248:6:D_LCD_expanderWrite	16	static
F_LCD.c:251:6:D_LCD_pulseEnable	16	static
F_LCD.c:258:6:D_LCD_load_custom_character	16	static
F_LCD.c:261:6:D_LCD_setBacklight	16	static
F_LCD.c:269:6:F_LCD_DebugTask_Handler	48	static
