stm32f4xx_it.c:76:6:NMI_Handler	4	static
stm32f4xx_it.c:89:6:HardFault_Handler	4	static
stm32f4xx_it.c:104:6:MemManage_Handler	4	static
stm32f4xx_it.c:119:6:BusFault_Handler	4	static
stm32f4xx_it.c:134:6:UsageFault_Handler	4	static
stm32f4xx_it.c:149:6:DebugMon_Handler	4	static
stm32f4xx_it.c:169:6:TIM1_UP_TIM10_IRQHandler	8	static
stm32f4xx_it.c:183:6:I2C1_EV_IRQHandler	4	static
stm32f4xx_it.c:197:6:I2C1_ER_IRQHandler	4	static
stm32f4xx_it.c:211:6:USART3_IRQHandler	4	static
stm32f4xx_it.c:224:6:UART4_IRQHandler	8	static
stm32f4xx_it.c:243:6:ETH_IRQHandler	8	static
stm32f4xx_it.c:257:6:OTG_FS_IRQHandler	8	static
