FreeRTOS_IP.c:314:13:prvIPTask	40	static
FreeRTOS_IP.c:518:12:xIsCallingFromIPTask	16	static
FreeRTOS_IP.c:535:13:prvHandleEthernetPacket	16	static
FreeRTOS_IP.c:572:19:prvCalculateSleepTime	16	static
FreeRTOS_IP.c:625:13:prvCheckNetworkTimers	24	static
FreeRTOS_IP.c:693:13:prvIPTimerStart	16	static
FreeRTOS_IP.c:711:13:prvIPTimerReload	16	static
FreeRTOS_IP.c:718:19:prvIPTimerCheck	24	static
FreeRTOS_IP.c:747:6:FreeRTOS_NetworkDown	16	static
FreeRTOS_IP.c:768:12:FreeRTOS_NetworkDownFromISR	16	static
FreeRTOS_IP.c:789:7:FreeRTOS_GetUDPPayloadBuffer	24	static
FreeRTOS_IP.c:822:28:pxDuplicateNetworkBufferWithDescriptor	24	static
FreeRTOS_IP.c:851:29:pxPacketBuffer_to_NetworkBuffer	24	static
FreeRTOS_IP.c:887:28:pxUDPPayloadBuffer_to_NetworkBuffer	24	static
FreeRTOS_IP.c:925:6:FreeRTOS_ReleaseUDPPayloadBuffer	16	static
FreeRTOS_IP.c:935:12:FreeRTOS_IPInit	64	static,ignoring_inline_asm
FreeRTOS_IP.c:1024:6:FreeRTOS_GetAddressConfiguration	24	static
FreeRTOS_IP.c:1050:6:FreeRTOS_SetAddressConfiguration	24	static
FreeRTOS_IP.c:1142:12:xSendEventToIPTask	32	static
FreeRTOS_IP.c:1154:12:xSendEventStructToIPTask	24	static
FreeRTOS_IP.c:1217:26:eConsiderFrameForProcessing	32	static
FreeRTOS_IP.c:1271:13:prvProcessNetworkDownEvent	8	static
FreeRTOS_IP.c:1326:6:vIPNetworkUpCalls	8	static
FreeRTOS_IP.c:1350:13:prvProcessEthernetPacket	32	static,ignoring_inline_asm
FreeRTOS_IP.c:1427:33:prvAllowIPPacket	40	static
FreeRTOS_IP.c:1514:33:prvProcessIPPacket	56	static
FreeRTOS_IP.c:1716:34:prvProcessICMPEchoRequest	32	static
FreeRTOS_IP.c:1764:34:prvProcessICMPPacket	24	static
FreeRTOS_IP.c:1797:10:usGenerateProtocolChecksum	56	static
FreeRTOS_IP.c:2033:10:usGenerateChecksum	56	static
FreeRTOS_IP.c:2149:6:vReturnEthernetFrame	24	static
FreeRTOS_IP.c:2197:10:FreeRTOS_GetIPAddress	4	static
FreeRTOS_IP.c:2204:6:FreeRTOS_SetIPAddress	16	static
FreeRTOS_IP.c:2211:10:FreeRTOS_GetGatewayAddress	4	static
FreeRTOS_IP.c:2217:10:FreeRTOS_GetDNSServerAddress	4	static
FreeRTOS_IP.c:2223:10:FreeRTOS_GetNetmask	4	static
FreeRTOS_IP.c:2229:6:FreeRTOS_UpdateMACAddress	16	static
FreeRTOS_IP.c:2236:17:FreeRTOS_GetMACAddress	4	static
FreeRTOS_IP.c:2242:6:FreeRTOS_SetNetmask	16	static
FreeRTOS_IP.c:2248:6:FreeRTOS_SetGatewayAddress	16	static
FreeRTOS_IP.c:2255:7:vIPSetDHCPTimerEnableState	16	static
FreeRTOS_IP.c:2270:7:vIPReloadDHCPTimer	16	static
FreeRTOS_IP.c:2300:12:xIPIsNetworkTaskReady	4	static
FreeRTOS_IP.c:2306:12:FreeRTOS_IsNetworkUp	4	static
