FreeRTOS_IP.h:180:29:FreeRTOS_max_int32	16	static
FreeRTOS_IP.h:182:29:FreeRTOS_min_int32	16	static
FreeRTOS_IP.h:183:29:FreeRTOS_min_uint32	16	static
FreeRTOS_Stream_Buffer.h:63:26:uxStreamBufferSpace	32	static
FreeRTOS_Stream_Buffer.h:79:26:uxStreamBufferDistance	32	static
FreeRTOS_Stream_Buffer.h:95:26:uxStreamBufferGetSpace	24	static
FreeRTOS_Stream_Buffer.h:107:26:uxStreamBufferFrontSpace	24	static
FreeRTOS_Stream_Buffer.h:133:26:uxStreamBufferMidSpace	24	static
FreeRTOS_Stream_Buffer.h:144:24:vStreamBufferMoveMid	24	static
FreeRTOS_IP_Private.h:736:28:ulChar2u32	16	static
FreeRTOS_IP_Private.h:745:28:usChar2u16	16	static
FreeRTOS_TCP_IP.c:365:19:prvTCPSocketIsActive	16	static
FreeRTOS_TCP_IP.c:383:20:prvTCPStatusAgeCheck	24	static
FreeRTOS_TCP_IP.c:465:12:xTCPSocketCheck	24	static
FreeRTOS_TCP_IP.c:561:16:prvTCPSendPacket	32	static
FreeRTOS_TCP_IP.c:636:16:prvTCPSendRepeated	32	static
FreeRTOS_TCP_IP.c:676:13:prvTCPReturnPacket	104	static
FreeRTOS_TCP_IP.c:952:13:prvTCPCreateWindow	32	static
FreeRTOS_TCP_IP.c:976:19:prvTCPPrepareConnect	48	static
FreeRTOS_TCP_IP.c:1136:13:prvCheckOptions	72	static
FreeRTOS_TCP_IP.c:1321:17:prvWinScaleFactor	24	static
FreeRTOS_TCP_IP.c:1352:20:prvSetSynAckOptions	32	static
FreeRTOS_TCP_IP.c:1403:13:prvTCPTouchSocket	16	static
FreeRTOS_TCP_IP.c:1430:6:vTCPStateChange	32	static,ignoring_inline_asm
FreeRTOS_TCP_IP.c:1602:35:prvTCPBufferResize	40	static
FreeRTOS_TCP_IP.c:1674:16:prvTCPPrepareSend	80	static
FreeRTOS_TCP_IP.c:1859:19:prvTCPNextTimeout	24	static
FreeRTOS_TCP_IP.c:1922:13:prvTCPAddTxData	24	static
FreeRTOS_TCP_IP.c:1963:19:prvTCPHandleFin	40	static
FreeRTOS_TCP_IP.c:2058:19:prvCheckRxData	40	static
FreeRTOS_TCP_IP.c:2123:19:prvStoreRxData	56	static
FreeRTOS_TCP_IP.c:2200:20:prvSetOptions	32	static
FreeRTOS_TCP_IP.c:2254:19:prvHandleSynReceived	56	static
FreeRTOS_TCP_IP.c:2357:19:prvHandleEstablished	80	static
FreeRTOS_TCP_IP.c:2517:19:prvSendData	48	static
FreeRTOS_TCP_IP.c:2670:19:prvTCPHandleState	56	static
FreeRTOS_TCP_IP.c:2843:19:prvTCPSendReset	24	static
FreeRTOS_TCP_IP.c:2865:13:prvSocketSetMSS	24	static
FreeRTOS_TCP_IP.c:2893:12:xProcessReceivedTCPPacket	56	static
FreeRTOS_TCP_IP.c:3078:27:prvHandleListen	40	static
FreeRTOS_TCP_IP.c:3165:19:prvTCPSocketCopy	24	static
FreeRTOS_TCP_IP.c:3258:14:FreeRTOS_GetTCPStateName	16	static
FreeRTOS_TCP_IP.c:3274:12:xTCPCheckNewClient	32	static
