FreeRTOS_IP.h:182:29:FreeRTOS_min_int32	16	static
FreeRTOS_IP.h:183:29:FreeRTOS_min_uint32	16	static
FreeRTOS_TCP_WIN.c:218:31:xSequenceLessThanOrEqual	16	static
FreeRTOS_TCP_WIN.c:230:31:xSequenceLessThan	16	static
FreeRTOS_TCP_WIN.c:240:31:xSequenceGreaterThan	16	static
FreeRTOS_TCP_WIN.c:249:30:xSequenceGreaterThanOrEqual	16	static
FreeRTOS_TCP_WIN.c:258:25:vListInsertFifo	16	static
FreeRTOS_TCP_WIN.c:266:24:vTCPTimerSet	16	static
FreeRTOS_TCP_WIN.c:273:28:ulTimerGetAge	16	static
FreeRTOS_TCP_WIN.c:284:6:vListInsertGeneric	24	static
FreeRTOS_TCP_WIN.c:303:20:prvCreateSectors	16	static
FreeRTOS_TCP_WIN.c:346:23:xTCPWindowRxFind	32	static
FreeRTOS_TCP_WIN.c:378:23:xTCPWindowNew	40	static,ignoring_inline_asm
FreeRTOS_TCP_WIN.c:437:13:xTCPWindowRxEmpty	24	static
FreeRTOS_TCP_WIN.c:473:23:xTCPWindowGetHead	24	static
FreeRTOS_TCP_WIN.c:499:23:xTCPWindowPeekHead	24	static
FreeRTOS_TCP_WIN.c:523:14:vTCPWindowFree	16	static
FreeRTOS_TCP_WIN.c:553:7:vTCPWindowDestroy	32	static
FreeRTOS_TCP_WIN.c:588:6:vTCPWindowCreate	24	static
FreeRTOS_TCP_WIN.c:622:6:vTCPWindowInit	32	static
FreeRTOS_TCP_WIN.c:678:10:vTCPSegmentCleanup	8	static
FreeRTOS_TCP_WIN.c:710:23:xTCPWindowRxConfirm	48	static
FreeRTOS_TCP_WIN.c:768:10:lTCPWindowRxCheck	48	static
FreeRTOS_TCP_WIN.c:991:17:lTCPIncrementTxPosition	24	static
FreeRTOS_TCP_WIN.c:1009:10:lTCPWindowTxAdd	40	static
FreeRTOS_TCP_WIN.c:1131:13:xTCPWindowTxDone	16	static
FreeRTOS_TCP_WIN.c:1141:20:prvTCPWindowTxHasSpace	32	static
FreeRTOS_TCP_WIN.c:1200:13:xTCPWindowTxHasData	40	static
FreeRTOS_TCP_WIN.c:1276:11:ulTCPWindowTxGet	40	static,ignoring_inline_asm
FreeRTOS_TCP_WIN.c:1444:18:prvTCPWindowTxCheckAck	56	static
FreeRTOS_TCP_WIN.c:1595:18:prvTCPWindowFastRetransmit	32	static
FreeRTOS_TCP_WIN.c:1653:11:ulTCPWindowTxAck	24	static
FreeRTOS_TCP_WIN.c:1678:11:ulTCPWindowTxSack	32	static
