FreeRTOS_IP.h:181:29:FreeRTOS_max_uint32	16	static
FreeRTOS_IP.h:182:29:FreeRTOS_min_int32	16	static
FreeRTOS_IP.h:183:29:FreeRTOS_min_uint32	16	static
FreeRTOS_IP.h:184:29:FreeRTOS_round_up	16	static
FreeRTOS_IP.h:189:32:FreeRTOS_min_BaseType	16	static
FreeRTOS_Stream_Buffer.h:52:24:vStreamBufferClear	16	static
FreeRTOS_Stream_Buffer.h:63:26:uxStreamBufferSpace	32	static
FreeRTOS_Stream_Buffer.h:79:26:uxStreamBufferDistance	32	static
FreeRTOS_Stream_Buffer.h:95:26:uxStreamBufferGetSpace	24	static
FreeRTOS_Stream_Buffer.h:107:26:uxStreamBufferFrontSpace	24	static
FreeRTOS_Stream_Buffer.h:121:26:uxStreamBufferGetSize	24	static
FreeRTOS_Stream_Buffer.h:220:26:uxStreamBufferGetPtr	24	static
FreeRTOS_Sockets.c:168:19:prvValidSocket	32	static
FreeRTOS_Sockets.c:191:12:vNetworkSocketsInit	8	static
FreeRTOS_Sockets.c:205:19:prvDetermineSocketSize	56	static,ignoring_inline_asm
FreeRTOS_Sockets.c:265:10:FreeRTOS_socket	40	static
FreeRTOS_Sockets.c:365:14:FreeRTOS_CreateSocketSet	16	static
FreeRTOS_Sockets.c:391:7:FreeRTOS_DeleteSocketSet	24	static
FreeRTOS_Sockets.c:405:7:FreeRTOS_FD_SET	40	static,ignoring_inline_asm
FreeRTOS_Sockets.c:437:7:FreeRTOS_FD_CLR	40	static,ignoring_inline_asm
FreeRTOS_Sockets.c:463:14:FreeRTOS_FD_ISSET	32	static,ignoring_inline_asm
FreeRTOS_Sockets.c:492:13:FreeRTOS_select	48	static,ignoring_inline_asm
FreeRTOS_Sockets.c:552:28:prvFindSelectedSocket	40	static
FreeRTOS_Sockets.c:592:9:FreeRTOS_recvfrom	72	static
FreeRTOS_Sockets.c:756:9:FreeRTOS_sendto	64	static,ignoring_inline_asm
FreeRTOS_Sockets.c:899:12:FreeRTOS_bind	48	static
FreeRTOS_Sockets.c:964:12:vSocketBind	56	static,ignoring_inline_asm
FreeRTOS_Sockets.c:1086:12:FreeRTOS_closesocket	32	static
FreeRTOS_Sockets.c:1137:7:vSocketClose	24	static
FreeRTOS_Sockets.c:1243:14:prvTCPSetSocketCount	32	static
FreeRTOS_Sockets.c:1274:12:FreeRTOS_setsockopt	56	static,ignoring_inline_asm
FreeRTOS_Sockets.c:1611:17:prvGetPrivatePortNumber	40	static
FreeRTOS_Sockets.c:1685:27:pxListFindListItemWithValue	32	static
FreeRTOS_Sockets.c:1710:20:pxUDPSocketLookup	32	static,ignoring_inline_asm
FreeRTOS_Sockets.c:1734:11:FreeRTOS_inet_addr	48	static
FreeRTOS_Sockets.c:1823:8:FreeRTOS_GetLocalAddress	24	static
FreeRTOS_Sockets.c:1838:6:vSocketWakeUpUser	24	static
FreeRTOS_Sockets.c:1917:20:bMayConnect	16	static
FreeRTOS_Sockets.c:1933:20:prvTCPConnectStart	24	static
FreeRTOS_Sockets.c:1999:13:FreeRTOS_connect	56	static
FreeRTOS_Sockets.c:2076:11:FreeRTOS_accept	72	static
FreeRTOS_Sockets.c:2202:13:FreeRTOS_recv	64	static
FreeRTOS_Sockets.c:2363:17:prvTCPSendCheck	24	static
FreeRTOS_Sockets.c:2413:11:FreeRTOS_get_tx_head	40	static
FreeRTOS_Sockets.c:2444:13:FreeRTOS_send	64	static
FreeRTOS_Sockets.c:2627:13:FreeRTOS_listen	24	static
FreeRTOS_Sockets.c:2686:13:FreeRTOS_shutdown	24	static
FreeRTOS_Sockets.c:2730:13:xTCPTimerCheck	48	static
FreeRTOS_Sockets.c:2816:21:pxTCPSocketLookup	48	static
FreeRTOS_Sockets.c:2863:31:FreeRTOS_get_rx_buf	24	static
FreeRTOS_Sockets.c:2875:25:prvTCPCreateStream	32	static
FreeRTOS_Sockets.c:2951:10:lTCPAddRxdata	40	static
FreeRTOS_Sockets.c:3077:13:FreeRTOS_GetRemoteAddress	24	static
FreeRTOS_Sockets.c:3110:13:FreeRTOS_maywrite	24	static
FreeRTOS_Sockets.c:3147:13:FreeRTOS_tx_space	24	static
FreeRTOS_Sockets.c:3176:13:FreeRTOS_tx_size	24	static
FreeRTOS_Sockets.c:3206:13:FreeRTOS_issocketconnected	24	static
FreeRTOS_Sockets.c:3235:13:FreeRTOS_mss	24	static
FreeRTOS_Sockets.c:3261:13:FreeRTOS_connstatus	24	static
FreeRTOS_Sockets.c:3287:13:FreeRTOS_rx_size	24	static
FreeRTOS_Sockets.c:3313:7:FreeRTOS_netstat	16	static
FreeRTOS_Sockets.c:3330:7:vTCPNetStat	104	static,ignoring_inline_asm
FreeRTOS_Sockets.c:3406:7:vSocketSelect	56	static
