VL53L1X_api.c:202:15:VL53L1X_GetSWVersion	24	static
VL53L1X_api.c:213:15:VL53L1X_SetI2CAddress	24	static
VL53L1X_api.c:221:15:VL53L1X_SensorInit	24	static
VL53L1X_api.c:241:15:VL53L1X_ClearInterrupt	24	static
VL53L1X_api.c:249:15:VL53L1X_SetInterruptPolarity	24	static
VL53L1X_api.c:260:15:VL53L1X_GetInterruptPolarity	24	static
VL53L1X_api.c:271:15:VL53L1X_StartRanging	24	static
VL53L1X_api.c:279:15:VL53L1X_StopRanging	24	static
VL53L1X_api.c:287:15:VL53L1X_CheckForDataReady	24	static
VL53L1X_api.c:305:15:VL53L1X_SetTimingBudgetInMs	24	static
VL53L1X_api.c:407:15:VL53L1X_GetTimingBudgetInMs	24	static
VL53L1X_api.c:448:15:VL53L1X_SetDistanceMode	24	static
VL53L1X_api.c:478:15:VL53L1X_GetDistanceMode	24	static
VL53L1X_api.c:490:15:VL53L1X_SetInterMeasurementInMs	32	static
VL53L1X_api.c:503:15:VL53L1X_GetInterMeasurementInMs	32	static
VL53L1X_api.c:517:15:VL53L1X_BootState	24	static
VL53L1X_api.c:527:15:VL53L1X_GetSensorId	24	static
VL53L1X_api.c:537:15:VL53L1X_GetDistance	24	static
VL53L1X_api.c:548:15:VL53L1X_GetSignalPerSpad	32	static
VL53L1X_api.c:561:15:VL53L1X_GetAmbientPerSpad	32	static
VL53L1X_api.c:572:15:VL53L1X_GetSignalRate	24	static
VL53L1X_api.c:583:15:VL53L1X_GetSpadNb	24	static
VL53L1X_api.c:594:15:VL53L1X_GetAmbientRate	24	static
VL53L1X_api.c:604:15:VL53L1X_GetRangeStatus	24	static
VL53L1X_api.c:659:15:VL53L1X_SetOffset	24	static
VL53L1X_api.c:672:16:VL53L1X_GetOffset	24	static
VL53L1X_api.c:684:15:VL53L1X_SetXtalk	24	static
VL53L1X_api.c:699:15:VL53L1X_GetXtalk	24	static
VL53L1X_api.c:709:15:VL53L1X_SetDistanceThreshold	32	static
VL53L1X_api.c:730:15:VL53L1X_GetDistanceThresholdWindow	24	static
VL53L1X_api.c:739:15:VL53L1X_GetDistanceThresholdLow	24	static
VL53L1X_api.c:749:15:VL53L1X_GetDistanceThresholdHigh	24	static
VL53L1X_api.c:759:15:VL53L1X_SetROI	24	static
VL53L1X_api.c:778:15:VL53L1X_GetROI_XY	32	static
VL53L1X_api.c:789:15:VL53L1X_SetSignalThreshold	24	static
VL53L1X_api.c:797:15:VL53L1X_GetSignalThreshold	24	static
VL53L1X_api.c:808:15:VL53L1X_SetSigmaThreshold	24	static
VL53L1X_api.c:820:15:VL53L1X_GetSigmaThreshold	24	static
VL53L1X_api.c:831:15:VL53L1X_StartTemperatureUpdate	24	static
